<?xml version="1.0" encoding="UTF-8"?>
<testsuites>
  <testsuite name="" tests="19" assertions="57" errors="0" warnings="0" failures="0" skipped="0" time="0.007579">
    <testsuite name="Project Test Suite" tests="19" assertions="57" errors="0" warnings="0" failures="0" skipped="0" time="0.007579">
      <testsuite name="RichCongress\TestFramework\Tests\TestConfiguration\TestConfigurationTest" file="/home/nover/Bundles/TEST-FRAMEWORK/Tests/TestConfiguration/TestConfigurationTest.php" tests="1" assertions="3" errors="0" warnings="0" failures="0" skipped="0" time="0.004167">
        <testcase name="testTestConfiguration" class="RichCongress\TestFramework\Tests\TestConfiguration\TestConfigurationTest" classname="RichCongress.TestFramework.Tests.TestConfiguration.TestConfigurationTest" file="/home/nover/Bundles/TEST-FRAMEWORK/Tests/TestConfiguration/TestConfigurationTest.php" line="25" assertions="3" time="0.004167"/>
      </testsuite>
      <testsuite name="RichCongress\TestFramework\Tests\TestConfiguration\WithClassConfigTest" file="/home/nover/Bundles/TEST-FRAMEWORK/Tests/TestConfiguration/WithClassConfigTest.php" tests="2" assertions="6" errors="0" warnings="0" failures="0" skipped="0" time="0.000412">
        <testcase name="testWithTestConfig" class="RichCongress\TestFramework\Tests\TestConfiguration\WithClassConfigTest" classname="RichCongress.TestFramework.Tests.TestConfiguration.WithClassConfigTest" file="/home/nover/Bundles/TEST-FRAMEWORK/Tests/TestConfiguration/WithClassConfigTest.php" line="25" assertions="3" time="0.000326"/>
        <testcase name="testWithoutTestConfig" class="RichCongress\TestFramework\Tests\TestConfiguration\WithClassConfigTest" classname="RichCongress.TestFramework.Tests.TestConfiguration.WithClassConfigTest" file="/home/nover/Bundles/TEST-FRAMEWORK/Tests/TestConfiguration/WithClassConfigTest.php" line="33" assertions="3" time="0.000086"/>
      </testsuite>
      <testsuite name="RichCongress\TestFramework\Tests\TestConfiguration\WithTestCaseConfigTest" file="/home/nover/Bundles/TEST-FRAMEWORK/Tests/TestConfiguration/WithTestCaseConfigTest.php" tests="2" assertions="10" errors="0" warnings="0" failures="0" skipped="0" time="0.000471">
        <testcase name="testWithTestConfig" class="RichCongress\TestFramework\Tests\TestConfiguration\WithTestCaseConfigTest" classname="RichCongress.TestFramework.Tests.TestConfiguration.WithTestCaseConfigTest" file="/home/nover/Bundles/TEST-FRAMEWORK/Tests/TestConfiguration/WithTestCaseConfigTest.php" line="24" assertions="4" time="0.000134"/>
        <testcase name="testWithoutTestConfig" class="RichCongress\TestFramework\Tests\TestConfiguration\WithTestCaseConfigTest" classname="RichCongress.TestFramework.Tests.TestConfiguration.WithTestCaseConfigTest" file="/home/nover/Bundles/TEST-FRAMEWORK/Tests/TestConfiguration/WithTestCaseConfigTest.php" line="34" assertions="6" time="0.000338"/>
      </testsuite>
      <testsuite name="RichCongress\TestFramework\Tests\TestConfiguration\WithoutClassConfigTest" file="/home/nover/Bundles/TEST-FRAMEWORK/Tests/TestConfiguration/WithoutClassConfigTest.php" tests="2" assertions="4" errors="0" warnings="0" failures="0" skipped="0" time="0.000839">
        <testcase name="testWithTestConfig" class="RichCongress\TestFramework\Tests\TestConfiguration\WithoutClassConfigTest" classname="RichCongress.TestFramework.Tests.TestConfiguration.WithoutClassConfigTest" file="/home/nover/Bundles/TEST-FRAMEWORK/Tests/TestConfiguration/WithoutClassConfigTest.php" line="24" assertions="3" time="0.000121"/>
        <testcase name="testWithoutTestConfig" class="RichCongress\TestFramework\Tests\TestConfiguration\WithoutClassConfigTest" classname="RichCongress.TestFramework.Tests.TestConfiguration.WithoutClassConfigTest" file="/home/nover/Bundles/TEST-FRAMEWORK/Tests/TestConfiguration/WithoutClassConfigTest.php" line="32" assertions="1" time="0.000718"/>
      </testsuite>
      <testsuite name="RichCongress\TestFramework\Tests\TestHookTest" file="/home/nover/Bundles/TEST-FRAMEWORK/Tests/TestHookTest.php" tests="12" assertions="34" errors="0" warnings="0" failures="0" skipped="0" time="0.001689">
        <testcase name="testConstructor" class="RichCongress\TestFramework\Tests\TestHookTest" classname="RichCongress.TestFramework.Tests.TestHookTest" file="/home/nover/Bundles/TEST-FRAMEWORK/Tests/TestHookTest.php" line="39" assertions="10" time="0.000774"/>
        <testcase name="testExecuteAfterIncompleteTest" class="RichCongress\TestFramework\Tests\TestHookTest" classname="RichCongress.TestFramework.Tests.TestHookTest" file="/home/nover/Bundles/TEST-FRAMEWORK/Tests/TestHookTest.php" line="60" assertions="3" time="0.000045"/>
        <testcase name="testExecuteAfterLastTest" class="RichCongress\TestFramework\Tests\TestHookTest" classname="RichCongress.TestFramework.Tests.TestHookTest" file="/home/nover/Bundles/TEST-FRAMEWORK/Tests/TestHookTest.php" line="69" assertions="3" time="0.000043"/>
        <testcase name="testExecuteAfterRiskyTest" class="RichCongress\TestFramework\Tests\TestHookTest" classname="RichCongress.TestFramework.Tests.TestHookTest" file="/home/nover/Bundles/TEST-FRAMEWORK/Tests/TestHookTest.php" line="78" assertions="2" time="0.000044"/>
        <testcase name="testExecuteAfterSkippedTest" class="RichCongress\TestFramework\Tests\TestHookTest" classname="RichCongress.TestFramework.Tests.TestHookTest" file="/home/nover/Bundles/TEST-FRAMEWORK/Tests/TestHookTest.php" line="86" assertions="2" time="0.000046"/>
        <testcase name="testExecuteAfterSuccessfulTest" class="RichCongress\TestFramework\Tests\TestHookTest" classname="RichCongress.TestFramework.Tests.TestHookTest" file="/home/nover/Bundles/TEST-FRAMEWORK/Tests/TestHookTest.php" line="94" assertions="2" time="0.000049"/>
        <testcase name="testExecuteAfterTest" class="RichCongress\TestFramework\Tests\TestHookTest" classname="RichCongress.TestFramework.Tests.TestHookTest" file="/home/nover/Bundles/TEST-FRAMEWORK/Tests/TestHookTest.php" line="102" assertions="2" time="0.000054"/>
        <testcase name="testExecuteAfterTestError" class="RichCongress\TestFramework\Tests\TestHookTest" classname="RichCongress.TestFramework.Tests.TestHookTest" file="/home/nover/Bundles/TEST-FRAMEWORK/Tests/TestHookTest.php" line="110" assertions="2" time="0.000065"/>
        <testcase name="testExecuteAfterTestFailure" class="RichCongress\TestFramework\Tests\TestHookTest" classname="RichCongress.TestFramework.Tests.TestHookTest" file="/home/nover/Bundles/TEST-FRAMEWORK/Tests/TestHookTest.php" line="118" assertions="2" time="0.000095"/>
        <testcase name="testExecuteAfterTestWarning" class="RichCongress\TestFramework\Tests\TestHookTest" classname="RichCongress.TestFramework.Tests.TestHookTest" file="/home/nover/Bundles/TEST-FRAMEWORK/Tests/TestHookTest.php" line="126" assertions="2" time="0.000074"/>
        <testcase name="testExecuteBeforeFirstTest" class="RichCongress\TestFramework\Tests\TestHookTest" classname="RichCongress.TestFramework.Tests.TestHookTest" file="/home/nover/Bundles/TEST-FRAMEWORK/Tests/TestHookTest.php" line="134" assertions="2" time="0.000087"/>
        <testcase name="testExecuteBeforeTest" class="RichCongress\TestFramework\Tests\TestHookTest" classname="RichCongress.TestFramework.Tests.TestHookTest" file="/home/nover/Bundles/TEST-FRAMEWORK/Tests/TestHookTest.php" line="142" assertions="2" time="0.000312"/>
      </testsuite>
    </testsuite>
  </testsuite>
</testsuites>
